../Core/Src/main.c:66:5:main	8	static
../Core/Src/main.c:111:6:SystemClock_Config	72	static
../Core/Src/main.c:148:13:MX_TIM2_Init	32	static
../Core/Src/main.c:193:13:MX_GPIO_Init	32	static
../Core/Src/main.c:235:7:HAL_TIM_PeriodElapsedCallback	16	static
../Core/Src/main.c:248:6:updateClockBuffer	16	static
../Core/Src/main.c:288:6:update7SEG	16	static
../Core/Src/main.c:314:6:led_on	16	static
../Core/Src/main.c:345:6:display7SEG	16	static
../Core/Src/main.c:454:6:Error_Handler	4	static,ignoring_inline_asm
