../Core/Src/main.c:67:6:Led1	8	static
../Core/Src/main.c:70:6:Led2	8	static
../Core/Src/main.c:73:6:Led3	8	static
../Core/Src/main.c:76:6:Led4	8	static
../Core/Src/main.c:79:6:Led5	8	static
../Core/Src/main.c:83:5:main	8	static
../Core/Src/main.c:134:6:SystemClock_Config	72	static
../Core/Src/main.c:171:13:MX_TIM2_Init	32	static
../Core/Src/main.c:216:13:MX_GPIO_Init	32	static
../Core/Src/main.c:239:6:HAL_TIM_PeriodElapsedCallback	16	static
../Core/Src/main.c:248:6:Error_Handler	4	static,ignoring_inline_asm
