20:34:17 **** Incremental Build of configuration Debug for project Task2_6 ****
make -j8 all 
arm-none-eabi-gcc -o "Task2_6.elf" @"objects.list"   -mcpu=cortex-m3 -T"D:\BRAIN\HCMUT\vixuly_Lab\LeThanhKhai\Lab2\Task2_6\STM32F103C6UX_FLASH.ld" --specs=nosys.specs -Wl,-Map="Task2_6.map" -Wl,--gc-sections -static --specs=nano.specs -mfloat-abi=soft -mthumb -Wl,--start-group -lc -lm -Wl,--end-group
Finished building target: Task2_6.elf
 
arm-none-eabi-size   Task2_6.elf 
arm-none-eabi-objdump -h -S  Task2_6.elf  > "Task2_6.list"
arm-none-eabi-objcopy  -O ihex  Task2_6.elf  "Task2_6.hex"
   text	   data	    bss	    dec	    hex	filename
   6944	     20	   1652	   8616	   21a8	Task2_6.elf
arm-none-eabi-objcopy  -O binary  Task2_6.elf  "Task2_6.bin"
Finished building: default.size.stdout
 
Finished building: Task2_6.hex
Finished building: Task2_6.bin
 
Finished building: Task2_6.list
 
 
