16:51:13 **** Incremental Build of configuration Debug for project Task2_2 ****
make -j8 all 
arm-none-eabi-gcc -o "Task2_2.elf" @"objects.list"   -mcpu=cortex-m3 -T"D:\BRAIN\HCMUT\vixuly_Lab\LeThanhKhai\Lab2\Task2_2\STM32F103C6UX_FLASH.ld" --specs=nosys.specs -Wl,-Map="Task2_2.map" -Wl,--gc-sections -static --specs=nano.specs -mfloat-abi=soft -mthumb -Wl,--start-group -lc -lm -Wl,--end-group
Finished building target: Task2_2.elf
 
arm-none-eabi-size   Task2_2.elf 
arm-none-eabi-objdump -h -S  Task2_2.elf  > "Task2_2.list"
arm-none-eabi-objcopy  -O ihex  Task2_2.elf  "Task2_2.hex"
   text	   data	    bss	    dec	    hex	filename
   8024	     28	   1644	   9696	   25e0	Task2_2.elf
arm-none-eabi-objcopy  -O binary  Task2_2.elf  "Task2_2.bin"
Finished building: default.size.stdout
 
Finished building: Task2_2.bin
Finished building: Task2_2.hex
 
 
Finished building: Task2_2.list
 

16:51:14 Build Finished. 0 errors, 0 warnings. (took 500ms)

