16:39:15 **** Incremental Build of configuration Debug for project Task2_1 ****
make -j8 all 
arm-none-eabi-gcc "../Core/Src/main.c" -mcpu=cortex-m3 -std=gnu11 -g3 -DDEBUG -DUSE_HAL_DRIVER -DSTM32F103x6 -c -I../Core/Inc -I../Drivers/STM32F1xx_HAL_Driver/Inc/Legacy -I../Drivers/STM32F1xx_HAL_Driver/Inc -I../Drivers/CMSIS/Device/ST/STM32F1xx/Include -I../Drivers/CMSIS/Include -O0 -ffunction-sections -fdata-sections -Wall -fstack-usage -MMD -MP -MF"Core/Src/main.d" -MT"Core/Src/main.o" --specs=nano.specs -mfloat-abi=soft -mthumb -o "Core/Src/main.o"
arm-none-eabi-gcc -o "Task2_1.elf" @"objects.list"   -mcpu=cortex-m3 -T"D:\BRAIN\HCMUT\vixuly_Lab\LeThanhKhai\Lab2\Task2_1\STM32F103C6UX_FLASH.ld" --specs=nosys.specs -Wl,-Map="Task2_1.map" -Wl,--gc-sections -static --specs=nano.specs -mfloat-abi=soft -mthumb -Wl,--start-group -lc -lm -Wl,--end-group
Finished building target: Task2_1.elf
 
arm-none-eabi-size   Task2_1.elf 
arm-none-eabi-objdump -h -S  Task2_1.elf  > "Task2_1.list"
arm-none-eabi-objcopy  -O ihex  Task2_1.elf  "Task2_1.hex"
   text	   data	    bss	    dec	    hex	filename
   7788	     24	   1648	   9460	   24f4	Task2_1.elf
arm-none-eabi-objcopy  -O binary  Task2_1.elf  "Task2_1.bin"
Finished building: default.size.stdout
 
Finished building: Task2_1.hex
Finished building: Task2_1.bin
 
 
Finished building: Task2_1.list
 

16:39:16 Build Finished. 0 errors, 0 warnings. (took 695ms)

