17:00:51 **** Incremental Build of configuration Debug for project Task2_3 ****
make -j8 all 
arm-none-eabi-gcc -o "Task2_3.elf" @"objects.list"   -mcpu=cortex-m3 -T"D:\BRAIN\HCMUT\vixuly_Lab\LeThanhKhai\Lab2\Task2_3\STM32F103C6UX_FLASH.ld" --specs=nosys.specs -Wl,-Map="Task2_3.map" -Wl,--gc-sections -static --specs=nano.specs -mfloat-abi=soft -mthumb -Wl,--start-group -lc -lm -Wl,--end-group
Finished building target: Task2_3.elf
 
arm-none-eabi-size   Task2_3.elf 
arm-none-eabi-objdump -h -S  Task2_3.elf  > "Task2_3.list"
arm-none-eabi-objcopy  -O ihex  Task2_3.elf  "Task2_3.hex"
   text	   data	    bss	    dec	    hex	filename
   8092	     40	   1648	   9780	   2634	Task2_3.elf
arm-none-eabi-objcopy  -O binary  Task2_3.elf  "Task2_3.bin"
Finished building: default.size.stdout
 
Finished building: Task2_3.bin
Finished building: Task2_3.hex
 
 
Finished building: Task2_3.list
 

17:00:51 Build Finished. 0 errors, 0 warnings. (took 557ms)

